Compilation failed:
    source file: '/build/opencv-js/CMakeFiles/CMakeTmp/src.cxx'
    check option: ' -fsigned-char -W -Wall -Wreturn-type -Wnon-virtual-dtor -Waddress -Wsequence-point -Wformat -Wformat-security -Wmissing-declarations -Wmissing-prototypes -Wstrict-prototypes -Wundef -Winit-self -Wpointer-arith -Wshadow -Wsign-promo -Wuninitialized -Winconsistent-missing-override -Wno-delete-non-virtual-dtor -Wno-unnamed-type-template-args -Wno-comment -Wno-deprecated-enum-enum-conversion -Wno-deprecated-anon-enum-enum-conversion -fdiagnostics-show-option -Qunused-arguments -ffunction-sections -fdata-sections   -mfpmath=387'
===== BUILD LOG =====
Change Dir: /build/opencv-js/CMakeFiles/CMakeTmp

Run Build Command:"/usr/bin/make" "cmTC_a2ded/fast"
/usr/bin/make -f CMakeFiles/cmTC_a2ded.dir/build.make CMakeFiles/cmTC_a2ded.dir/build
make[1]: Entering directory '/build/opencv-js/CMakeFiles/CMakeTmp'
Building CXX object CMakeFiles/cmTC_a2ded.dir/src.cxx.o
/emsdk/upstream/emscripten/em++    -s WASM=1 -s USE_PTHREADS=0   -DNDEBUG -O2   -fsigned-char -W -Wall -Wreturn-type -Wnon-virtual-dtor -Waddress -Wsequence-point -Wformat -Wformat-security -Wmissing-declarations -Wmissing-prototypes -Wstrict-prototypes -Wundef -Winit-self -Wpointer-arith -Wshadow -Wsign-promo -Wuninitialized -Winconsistent-missing-override -Wno-delete-non-virtual-dtor -Wno-unnamed-type-template-args -Wno-comment -Wno-deprecated-enum-enum-conversion -Wno-deprecated-anon-enum-enum-conversion -fdiagnostics-show-option -Qunused-arguments -ffunction-sections -fdata-sections -mfpmath=387 -std=c++11 -o CMakeFiles/cmTC_a2ded.dir/src.cxx.o -c /build/opencv-js/CMakeFiles/CMakeTmp/src.cxx
error: unknown FP unit '387'
em++: error: '/emsdk/upstream/bin/clang++ -DEMSCRIPTEN -fignore-exceptions -mllvm -combiner-global-alias-analysis=false -mllvm -enable-emscripten-sjlj -mllvm -disable-lsr -Xclang -isystem/emsdk/upstream/emscripten/system/include/SDL -target wasm32-unknown-emscripten -D__EMSCRIPTEN_major__=2 -D__EMSCRIPTEN_minor__=0 -D__EMSCRIPTEN_tiny__=10 -D_LIBCPP_ABI_VERSION=2 -Dunix -D__unix -D__unix__ -Werror=implicit-function-declaration --sysroot=/emsdk/upstream/emscripten/system -Xclang -isystem/emsdk/upstream/emscripten/cache/wasm/include -Xclang -iwithsysroot/include/libcxx -Xclang -iwithsysroot/lib/libcxxabi/include -Xclang -iwithsysroot/include/compat -Xclang -iwithsysroot/include/libc -Xclang -iwithsysroot/lib/libc/musl/arch/emscripten -Xclang -iwithsysroot/local/include -Xclang -iwithsysroot/include/SSE -Xclang -iwithsysroot/include/neon -Xclang -iwithsysroot/lib/compiler-rt/include -Xclang -iwithsysroot/lib/libunwind/include -DNDEBUG -O2 -fsigned-char -W -Wall -Wreturn-type -Wnon-virtual-dtor -Waddress -Wsequence-point -Wformat -Wformat-security -Wmissing-declarations -Wmissing-prototypes -Wstrict-prototypes -Wundef -Winit-self -Wpointer-arith -Wshadow -Wsign-promo -Wuninitialized -Winconsistent-missing-override -Wno-delete-non-virtual-dtor -Wno-unnamed-type-template-args -Wno-comment -Wno-deprecated-enum-enum-conversion -Wno-deprecated-anon-enum-enum-conversion -fdiagnostics-show-option -Qunused-arguments -ffunction-sections -fdata-sections -mfpmath=387 -std=c++11 -o CMakeFiles/cmTC_a2ded.dir/src.cxx.o -c /build/opencv-js/CMakeFiles/CMakeTmp/src.cxx -c -o CMakeFiles/cmTC_a2ded.dir/src.cxx.o' failed (1)
make[1]: *** [CMakeFiles/cmTC_a2ded.dir/build.make:66: CMakeFiles/cmTC_a2ded.dir/src.cxx.o] Error 1
make[1]: Leaving directory '/build/opencv-js/CMakeFiles/CMakeTmp'
make: *** [Makefile:121: cmTC_a2ded/fast] Error 2

===== END =====

Compilation failed:
    source file: '/build/opencv-js/CMakeFiles/CMakeTmp/src.c'
    check option: ' -fsigned-char -W -Wall -Wreturn-type -Wnon-virtual-dtor -Waddress -Wsequence-point -Wformat -Wformat-security -Wmissing-declarations -Wmissing-prototypes -Wstrict-prototypes -Wundef -Winit-self -Wpointer-arith -Wshadow -Wsign-promo -Wuninitialized -Winconsistent-missing-override -Wno-delete-non-virtual-dtor -Wno-unnamed-type-template-args -Wno-comment -Wno-deprecated-enum-enum-conversion -Wno-deprecated-anon-enum-enum-conversion -fdiagnostics-show-option -Qunused-arguments -ffunction-sections -fdata-sections   -mfpmath=387'
===== BUILD LOG =====
Change Dir: /build/opencv-js/CMakeFiles/CMakeTmp

Run Build Command:"/usr/bin/make" "cmTC_06d6b/fast"
/usr/bin/make -f CMakeFiles/cmTC_06d6b.dir/build.make CMakeFiles/cmTC_06d6b.dir/build
make[1]: Entering directory '/build/opencv-js/CMakeFiles/CMakeTmp'
Building C object CMakeFiles/cmTC_06d6b.dir/src.c.o
/emsdk/upstream/emscripten/emcc   -s WASM=1 -s USE_PTHREADS=0   -DNDEBUG -O2   -fsigned-char -W -Wall -Wreturn-type -Wnon-virtual-dtor -Waddress -Wsequence-point -Wformat -Wformat-security -Wmissing-declarations -Wmissing-prototypes -Wstrict-prototypes -Wundef -Winit-self -Wpointer-arith -Wshadow -Wsign-promo -Wuninitialized -Winconsistent-missing-override -Wno-delete-non-virtual-dtor -Wno-unnamed-type-template-args -Wno-comment -Wno-deprecated-enum-enum-conversion -Wno-deprecated-anon-enum-enum-conversion -fdiagnostics-show-option -Qunused-arguments -ffunction-sections -fdata-sections -mfpmath=387 -o CMakeFiles/cmTC_06d6b.dir/src.c.o   -c /build/opencv-js/CMakeFiles/CMakeTmp/src.c
error: unknown FP unit '387'
emcc: error: '/emsdk/upstream/bin/clang -DEMSCRIPTEN -fignore-exceptions -mllvm -combiner-global-alias-analysis=false -mllvm -enable-emscripten-sjlj -mllvm -disable-lsr -Xclang -isystem/emsdk/upstream/emscripten/system/include/SDL -target wasm32-unknown-emscripten -D__EMSCRIPTEN_major__=2 -D__EMSCRIPTEN_minor__=0 -D__EMSCRIPTEN_tiny__=10 -D_LIBCPP_ABI_VERSION=2 -Dunix -D__unix -D__unix__ -Werror=implicit-function-declaration --sysroot=/emsdk/upstream/emscripten/system -Xclang -isystem/emsdk/upstream/emscripten/cache/wasm/include -Xclang -iwithsysroot/include/compat -Xclang -iwithsysroot/include/libc -Xclang -iwithsysroot/lib/libc/musl/arch/emscripten -Xclang -iwithsysroot/local/include -Xclang -iwithsysroot/include/SSE -Xclang -iwithsysroot/include/neon -Xclang -iwithsysroot/lib/compiler-rt/include -Xclang -iwithsysroot/lib/libunwind/include -DNDEBUG -O2 -fsigned-char -W -Wall -Wreturn-type -Wnon-virtual-dtor -Waddress -Wsequence-point -Wformat -Wformat-security -Wmissing-declarations -Wmissing-prototypes -Wstrict-prototypes -Wundef -Winit-self -Wpointer-arith -Wshadow -Wsign-promo -Wuninitialized -Winconsistent-missing-override -Wno-delete-non-virtual-dtor -Wno-unnamed-type-template-args -Wno-comment -Wno-deprecated-enum-enum-conversion -Wno-deprecated-anon-enum-enum-conversion -fdiagnostics-show-option -Qunused-arguments -ffunction-sections -fdata-sections -mfpmath=387 -o CMakeFiles/cmTC_06d6b.dir/src.c.o -c /build/opencv-js/CMakeFiles/CMakeTmp/src.c -c -o CMakeFiles/cmTC_06d6b.dir/src.c.o' failed (1)
make[1]: *** [CMakeFiles/cmTC_06d6b.dir/build.make:66: CMakeFiles/cmTC_06d6b.dir/src.c.o] Error 1
make[1]: Leaving directory '/build/opencv-js/CMakeFiles/CMakeTmp'
make: *** [Makefile:121: cmTC_06d6b/fast] Error 2

===== END =====

Compilation failed:
    source file: '/build/opencv-js/CMakeFiles/CMakeTmp/src.cxx'
    check option: ''
===== BUILD LOG =====
Change Dir: /build/opencv-js/CMakeFiles/CMakeTmp

Run Build Command:"/usr/bin/make" "cmTC_97148/fast"
/usr/bin/make -f CMakeFiles/cmTC_97148.dir/build.make CMakeFiles/cmTC_97148.dir/build
make[1]: Entering directory '/build/opencv-js/CMakeFiles/CMakeTmp'
Building CXX object CMakeFiles/cmTC_97148.dir/src.cxx.o
/emsdk/upstream/emscripten/em++    -s WASM=1 -s USE_PTHREADS=0   -DNDEBUG -O2   -std=c++11 -o CMakeFiles/cmTC_97148.dir/src.cxx.o -c /build/opencv-js/CMakeFiles/CMakeTmp/src.cxx
Linking CXX executable cmTC_97148.js
/usr/bin/cmake -E cmake_link_script CMakeFiles/cmTC_97148.dir/link.txt --verbose=1
/emsdk/upstream/emscripten/em++  -s WASM=1 -s USE_PTHREADS=0   -DNDEBUG -O2   -Wl,--no-undefined  -O2 @CMakeFiles/cmTC_97148.dir/objects1.rsp  -o cmTC_97148.js 
wasm-ld: error: unknown argument: --no-undefined
em++: error: '/emsdk/upstream/bin/wasm-ld -o cmTC_97148.wasm --no-undefined CMakeFiles/cmTC_97148.dir/src.cxx.o -L/emsdk/upstream/emscripten/system/local/lib -L/emsdk/upstream/emscripten/system/lib -L/emsdk/upstream/emscripten/cache/wasm /emsdk/upstream/emscripten/cache/wasm/libc.a /emsdk/upstream/emscripten/cache/wasm/libcompiler_rt.a /emsdk/upstream/emscripten/cache/wasm/libc++-noexcept.a /emsdk/upstream/emscripten/cache/wasm/libc++abi-noexcept.a /emsdk/upstream/emscripten/cache/wasm/libdlmalloc.a /emsdk/upstream/emscripten/cache/wasm/libc_rt_wasm.a /emsdk/upstream/emscripten/cache/wasm/libsockets.a -mllvm -combiner-global-alias-analysis=false -mllvm -enable-emscripten-sjlj -mllvm -disable-lsr --allow-undefined --strip-debug --export-table --export main --export stackSave --export stackRestore --export stackAlloc --export __wasm_call_ctors --export __errno_location -z stack-size=5242880 --initial-memory=16777216 --no-entry --max-memory=16777216 --global-base=1024' failed (1)
make[1]: *** [CMakeFiles/cmTC_97148.dir/build.make:88: cmTC_97148.js] Error 1
make[1]: Leaving directory '/build/opencv-js/CMakeFiles/CMakeTmp'
make: *** [Makefile:121: cmTC_97148/fast] Error 2

===== END =====

Determining size of off64_t failed with the following output:
Change Dir: /build/opencv-js/CMakeFiles/CMakeTmp

Run Build Command:"/usr/bin/make" "cmTC_fde5d/fast"
/usr/bin/make -f CMakeFiles/cmTC_fde5d.dir/build.make CMakeFiles/cmTC_fde5d.dir/build
make[1]: Entering directory '/build/opencv-js/CMakeFiles/CMakeTmp'
Building C object CMakeFiles/cmTC_fde5d.dir/OFF64_T.c.o
/emsdk/upstream/emscripten/emcc   -s WASM=1 -s USE_PTHREADS=0    -fsigned-char -W -Wall -Wreturn-type -Wnon-virtual-dtor -Waddress -Wsequence-point -Wformat -Wformat-security -Wmissing-declarations -Wmissing-prototypes -Wstrict-prototypes -Wundef -Winit-self -Wpointer-arith -Wshadow -Wsign-promo -Wuninitialized -Winconsistent-missing-override -Wno-delete-non-virtual-dtor -Wno-unnamed-type-template-args -Wno-comment -Wno-deprecated-enum-enum-conversion -Wno-deprecated-anon-enum-enum-conversion -fdiagnostics-show-option -Qunused-arguments -ffunction-sections -fdata-sections  -fvisibility=hidden -fvisibility-inlines-hidden  -DNDEBUG -O2   -o CMakeFiles/cmTC_fde5d.dir/OFF64_T.c.o   -c /build/opencv-js/CMakeFiles/CheckTypeSize/OFF64_T.c
/build/opencv-js/CMakeFiles/CheckTypeSize/OFF64_T.c:19:12: error: use of undeclared identifier 'off64_t'
  ('0' + ((SIZE / 10000)%10)),
           ^
/build/opencv-js/CMakeFiles/CheckTypeSize/OFF64_T.c:17:22: note: expanded from macro 'SIZE'
#define SIZE (sizeof(off64_t))
                     ^
/build/opencv-js/CMakeFiles/CheckTypeSize/OFF64_T.c:20:12: error: use of undeclared identifier 'off64_t'
  ('0' + ((SIZE / 1000)%10)),
           ^
/build/opencv-js/CMakeFiles/CheckTypeSize/OFF64_T.c:17:22: note: expanded from macro 'SIZE'
#define SIZE (sizeof(off64_t))
                     ^
/build/opencv-js/CMakeFiles/CheckTypeSize/OFF64_T.c:21:12: error: use of undeclared identifier 'off64_t'
  ('0' + ((SIZE / 100)%10)),
           ^
/build/opencv-js/CMakeFiles/CheckTypeSize/OFF64_T.c:17:22: note: expanded from macro 'SIZE'
#define SIZE (sizeof(off64_t))
                     ^
/build/opencv-js/CMakeFiles/CheckTypeSize/OFF64_T.c:22:12: error: use of undeclared identifier 'off64_t'
  ('0' + ((SIZE / 10)%10)),
           ^
/build/opencv-js/CMakeFiles/CheckTypeSize/OFF64_T.c:17:22: note: expanded from macro 'SIZE'
#define SIZE (sizeof(off64_t))
                     ^
/build/opencv-js/CMakeFiles/CheckTypeSize/OFF64_T.c:23:12: error: use of undeclared identifier 'off64_t'
  ('0' +  (SIZE    % 10)),
           ^
/build/opencv-js/CMakeFiles/CheckTypeSize/OFF64_T.c:17:22: note: expanded from macro 'SIZE'
#define SIZE (sizeof(off64_t))
                     ^
/build/opencv-js/CMakeFiles/CheckTypeSize/OFF64_T.c:39:10: error: use of undeclared identifier 'off64_t'
  return SIZE;
         ^
/build/opencv-js/CMakeFiles/CheckTypeSize/OFF64_T.c:17:22: note: expanded from macro 'SIZE'
#define SIZE (sizeof(off64_t))
                     ^
6 errors generated.
emcc: error: '/emsdk/upstream/bin/clang -DEMSCRIPTEN -fignore-exceptions -mllvm -combiner-global-alias-analysis=false -mllvm -enable-emscripten-sjlj -mllvm -disable-lsr -Xclang -isystem/emsdk/upstream/emscripten/system/include/SDL -target wasm32-unknown-emscripten -D__EMSCRIPTEN_major__=2 -D__EMSCRIPTEN_minor__=0 -D__EMSCRIPTEN_tiny__=10 -D_LIBCPP_ABI_VERSION=2 -Dunix -D__unix -D__unix__ -Werror=implicit-function-declaration --sysroot=/emsdk/upstream/emscripten/system -Xclang -isystem/emsdk/upstream/emscripten/cache/wasm/include -Xclang -iwithsysroot/include/compat -Xclang -iwithsysroot/include/libc -Xclang -iwithsysroot/lib/libc/musl/arch/emscripten -Xclang -iwithsysroot/local/include -Xclang -iwithsysroot/include/SSE -Xclang -iwithsysroot/include/neon -Xclang -iwithsysroot/lib/compiler-rt/include -Xclang -iwithsysroot/lib/libunwind/include -fsigned-char -W -Wall -Wreturn-type -Wnon-virtual-dtor -Waddress -Wsequence-point -Wformat -Wformat-security -Wmissing-declarations -Wmissing-prototypes -Wstrict-prototypes -Wundef -Winit-self -Wpointer-arith -Wshadow -Wsign-promo -Wuninitialized -Winconsistent-missing-override -Wno-delete-non-virtual-dtor -Wno-unnamed-type-template-args -Wno-comment -Wno-deprecated-enum-enum-conversion -Wno-deprecated-anon-enum-enum-conversion -fdiagnostics-show-option -Qunused-arguments -ffunction-sections -fdata-sections -fvisibility=hidden -fvisibility-inlines-hidden -DNDEBUG -O2 -o CMakeFiles/cmTC_fde5d.dir/OFF64_T.c.o -c /build/opencv-js/CMakeFiles/CheckTypeSize/OFF64_T.c -c -o CMakeFiles/cmTC_fde5d.dir/OFF64_T.c.o' failed (1)
make[1]: *** [CMakeFiles/cmTC_fde5d.dir/build.make:66: CMakeFiles/cmTC_fde5d.dir/OFF64_T.c.o] Error 1
make[1]: Leaving directory '/build/opencv-js/CMakeFiles/CMakeTmp'
make: *** [Makefile:121: cmTC_fde5d/fast] Error 2

/build/opencv-js/CMakeFiles/CheckTypeSize/OFF64_T.c:
#include <sys/types.h>
#include <stdint.h>
#include <stddef.h>


#undef KEY
#if defined(__i386)
# define KEY '_','_','i','3','8','6'
#elif defined(__x86_64)
# define KEY '_','_','x','8','6','_','6','4'
#elif defined(__ppc__)
# define KEY '_','_','p','p','c','_','_'
#elif defined(__ppc64__)
# define KEY '_','_','p','p','c','6','4','_','_'
#endif

#define SIZE (sizeof(off64_t))
char info_size[] =  {'I', 'N', 'F', 'O', ':', 's','i','z','e','[',
  ('0' + ((SIZE / 10000)%10)),
  ('0' + ((SIZE / 1000)%10)),
  ('0' + ((SIZE / 100)%10)),
  ('0' + ((SIZE / 10)%10)),
  ('0' +  (SIZE    % 10)),
  ']',
#ifdef KEY
  ' ','k','e','y','[', KEY, ']',
#endif
  '\0'};

#ifdef __CLASSIC_C__
int main(argc, argv) int argc; char *argv[];
#else
int main(int argc, char *argv[])
#endif
{
  int require = 0;
  require += info_size[argc];
  (void)argv;
  return SIZE;
}


Build output check failed:
    Regex: 'unknown .*option'
    Output line: 'warning: unknown warning option '-Wno-unused-but-set-variable', did you mean '-Wno-unused-const-variable'? [-Wunknown-warning-option]'
Compilation failed:
    source file: '/build/opencv-js/CMakeFiles/CMakeTmp/src.c'
    check option: ' -Wno-unused-but-set-variable'
===== BUILD LOG =====
Change Dir: /build/opencv-js/CMakeFiles/CMakeTmp

Run Build Command:"/usr/bin/make" "cmTC_9baad/fast"
/usr/bin/make -f CMakeFiles/cmTC_9baad.dir/build.make CMakeFiles/cmTC_9baad.dir/build
make[1]: Entering directory '/build/opencv-js/CMakeFiles/CMakeTmp'
Building C object CMakeFiles/cmTC_9baad.dir/src.c.o
/emsdk/upstream/emscripten/emcc   -s WASM=1 -s USE_PTHREADS=0    -fsigned-char -W -Wall -Wreturn-type -Wnon-virtual-dtor -Waddress -Wsequence-point -Wformat -Wformat-security -Wmissing-declarations -Wmissing-prototypes -Wstrict-prototypes -Wundef -Winit-self -Wpointer-arith -Wshadow -Wsign-promo -Wuninitialized -Winconsistent-missing-override -Wno-delete-non-virtual-dtor -Wno-unnamed-type-template-args -Wno-comment -Wno-deprecated-enum-enum-conversion -Wno-deprecated-anon-enum-enum-conversion -fdiagnostics-show-option -Qunused-arguments -ffunction-sections -fdata-sections  -fvisibility=hidden -fvisibility-inlines-hidden -Wno-implicit-const-int-float-conversion  -DNDEBUG -O2  -DNDEBUG   -Wno-unused-but-set-variable -o CMakeFiles/cmTC_9baad.dir/src.c.o   -c /build/opencv-js/CMakeFiles/CMakeTmp/src.c
warning: unknown warning option '-Wno-unused-but-set-variable'; did you mean '-Wno-unused-const-variable'? [-Wunknown-warning-option]
/build/opencv-js/CMakeFiles/CMakeTmp/src.c:1:8: warning: unknown pragma ignored [-Wunknown-pragmas]
#pragma
       ^
2 warnings generated.
Linking C executable cmTC_9baad.js
/usr/bin/cmake -E cmake_link_script CMakeFiles/cmTC_9baad.dir/link.txt --verbose=1
/emsdk/upstream/emscripten/emcc -s WASM=1 -s USE_PTHREADS=0    -fsigned-char -W -Wall -Wreturn-type -Wnon-virtual-dtor -Waddress -Wsequence-point -Wformat -Wformat-security -Wmissing-declarations -Wmissing-prototypes -Wstrict-prototypes -Wundef -Winit-self -Wpointer-arith -Wshadow -Wsign-promo -Wuninitialized -Winconsistent-missing-override -Wno-delete-non-virtual-dtor -Wno-unnamed-type-template-args -Wno-comment -Wno-deprecated-enum-enum-conversion -Wno-deprecated-anon-enum-enum-conversion -fdiagnostics-show-option -Qunused-arguments -ffunction-sections -fdata-sections  -fvisibility=hidden -fvisibility-inlines-hidden -Wno-implicit-const-int-float-conversion  -DNDEBUG -O2  -DNDEBUG    -Wl,--gc-sections  -O2 @CMakeFiles/cmTC_9baad.dir/objects1.rsp  -o cmTC_9baad.js 
make[1]: Leaving directory '/build/opencv-js/CMakeFiles/CMakeTmp'

===== END =====

Determining if the _aligned_malloc exist failed with the following output:
Change Dir: /build/opencv-js/CMakeFiles/CMakeTmp

Run Build Command:"/usr/bin/make" "cmTC_0da8e/fast"
/usr/bin/make -f CMakeFiles/cmTC_0da8e.dir/build.make CMakeFiles/cmTC_0da8e.dir/build
make[1]: Entering directory '/build/opencv-js/CMakeFiles/CMakeTmp'
Building C object CMakeFiles/cmTC_0da8e.dir/CheckSymbolExists.c.o
/emsdk/upstream/emscripten/emcc   -s WASM=1 -s USE_PTHREADS=0    -fsigned-char -W -Wall -Wreturn-type -Wnon-virtual-dtor -Waddress -Wsequence-point -Wformat -Wformat-security -Wmissing-declarations -Wmissing-prototypes -Wstrict-prototypes -Wundef -Winit-self -Wpointer-arith -Wshadow -Wsign-promo -Wuninitialized -Winconsistent-missing-override -Wno-delete-non-virtual-dtor -Wno-unnamed-type-template-args -Wno-comment -Wno-deprecated-enum-enum-conversion -Wno-deprecated-anon-enum-enum-conversion -fdiagnostics-show-option -Qunused-arguments -ffunction-sections -fdata-sections  -fvisibility=hidden -fvisibility-inlines-hidden -Wno-implicit-const-int-float-conversion  -DNDEBUG -O2  -DNDEBUG   -o CMakeFiles/cmTC_0da8e.dir/CheckSymbolExists.c.o   -c /build/opencv-js/CMakeFiles/CMakeTmp/CheckSymbolExists.c
/build/opencv-js/CMakeFiles/CMakeTmp/CheckSymbolExists.c:8:19: error: use of undeclared identifier '_aligned_malloc'
  return ((int*)(&_aligned_malloc))[argc];
                  ^
1 error generated.
emcc: error: '/emsdk/upstream/bin/clang -DEMSCRIPTEN -fignore-exceptions -mllvm -combiner-global-alias-analysis=false -mllvm -enable-emscripten-sjlj -mllvm -disable-lsr -Xclang -isystem/emsdk/upstream/emscripten/system/include/SDL -target wasm32-unknown-emscripten -D__EMSCRIPTEN_major__=2 -D__EMSCRIPTEN_minor__=0 -D__EMSCRIPTEN_tiny__=10 -D_LIBCPP_ABI_VERSION=2 -Dunix -D__unix -D__unix__ -Werror=implicit-function-declaration --sysroot=/emsdk/upstream/emscripten/system -Xclang -isystem/emsdk/upstream/emscripten/cache/wasm/include -Xclang -iwithsysroot/include/compat -Xclang -iwithsysroot/include/libc -Xclang -iwithsysroot/lib/libc/musl/arch/emscripten -Xclang -iwithsysroot/local/include -Xclang -iwithsysroot/include/SSE -Xclang -iwithsysroot/include/neon -Xclang -iwithsysroot/lib/compiler-rt/include -Xclang -iwithsysroot/lib/libunwind/include -fsigned-char -W -Wall -Wreturn-type -Wnon-virtual-dtor -Waddress -Wsequence-point -Wformat -Wformat-security -Wmissing-declarations -Wmissing-prototypes -Wstrict-prototypes -Wundef -Winit-self -Wpointer-arith -Wshadow -Wsign-promo -Wuninitialized -Winconsistent-missing-override -Wno-delete-non-virtual-dtor -Wno-unnamed-type-template-args -Wno-comment -Wno-deprecated-enum-enum-conversion -Wno-deprecated-anon-enum-enum-conversion -fdiagnostics-show-option -Qunused-arguments -ffunction-sections -fdata-sections -fvisibility=hidden -fvisibility-inlines-hidden -Wno-implicit-const-int-float-conversion -DNDEBUG -O2 -DNDEBUG -o CMakeFiles/cmTC_0da8e.dir/CheckSymbolExists.c.o -c /build/opencv-js/CMakeFiles/CMakeTmp/CheckSymbolExists.c -c -o CMakeFiles/cmTC_0da8e.dir/CheckSymbolExists.c.o' failed (1)
make[1]: *** [CMakeFiles/cmTC_0da8e.dir/build.make:66: CMakeFiles/cmTC_0da8e.dir/CheckSymbolExists.c.o] Error 1
make[1]: Leaving directory '/build/opencv-js/CMakeFiles/CMakeTmp'
make: *** [Makefile:121: cmTC_0da8e/fast] Error 2

File /build/opencv-js/CMakeFiles/CMakeTmp/CheckSymbolExists.c:
/* */
#include <malloc.h>

int main(int argc, char** argv)
{
  (void)argv;
#ifndef _aligned_malloc
  return ((int*)(&_aligned_malloc))[argc];
#else
  (void)argc;
  return 0;
#endif
}

Build output check failed:
    Regex: 'unknown .*option'
    Output line: 'warning: unknown warning option '-Wno-cast-function-type', did you mean '-Wno-bad-function-cast'? [-Wunknown-warning-option]'
Compilation failed:
    source file: '/build/opencv-js/CMakeFiles/CMakeTmp/src.c'
    check option: ' -Wno-cast-function-type'
===== BUILD LOG =====
Change Dir: /build/opencv-js/CMakeFiles/CMakeTmp

Run Build Command:"/usr/bin/make" "cmTC_8f972/fast"
/usr/bin/make -f CMakeFiles/cmTC_8f972.dir/build.make CMakeFiles/cmTC_8f972.dir/build
make[1]: Entering directory '/build/opencv-js/CMakeFiles/CMakeTmp'
Building C object CMakeFiles/cmTC_8f972.dir/src.c.o
/emsdk/upstream/emscripten/emcc   -s WASM=1 -s USE_PTHREADS=0    -fsigned-char -W -Wall -Wreturn-type -Wnon-virtual-dtor -Waddress -Wsequence-point -Wformat -Wformat-security -Wmissing-declarations -Wmissing-prototypes -Winit-self -Wpointer-arith -Wshadow -Wsign-promo -Wuninitialized -Winconsistent-missing-override -Wno-delete-non-virtual-dtor -Wno-unnamed-type-template-args -Wno-comment -Wno-deprecated-enum-enum-conversion -Wno-deprecated-anon-enum-enum-conversion -fdiagnostics-show-option -Qunused-arguments -ffunction-sections -fdata-sections  -fvisibility=hidden -fvisibility-inlines-hidden -Wno-implicit-const-int-float-conversion -Wno-undef -Wno-strict-prototypes  -DNDEBUG -O2  -DNDEBUG   -Wno-cast-function-type -o CMakeFiles/cmTC_8f972.dir/src.c.o   -c /build/opencv-js/CMakeFiles/CMakeTmp/src.c
warning: unknown warning option '-Wno-cast-function-type'; did you mean '-Wno-bad-function-cast'? [-Wunknown-warning-option]
/build/opencv-js/CMakeFiles/CMakeTmp/src.c:1:8: warning: unknown pragma ignored [-Wunknown-pragmas]
#pragma
       ^
2 warnings generated.
Linking C executable cmTC_8f972.js
/usr/bin/cmake -E cmake_link_script CMakeFiles/cmTC_8f972.dir/link.txt --verbose=1
/emsdk/upstream/emscripten/emcc -s WASM=1 -s USE_PTHREADS=0    -fsigned-char -W -Wall -Wreturn-type -Wnon-virtual-dtor -Waddress -Wsequence-point -Wformat -Wformat-security -Wmissing-declarations -Wmissing-prototypes -Winit-self -Wpointer-arith -Wshadow -Wsign-promo -Wuninitialized -Winconsistent-missing-override -Wno-delete-non-virtual-dtor -Wno-unnamed-type-template-args -Wno-comment -Wno-deprecated-enum-enum-conversion -Wno-deprecated-anon-enum-enum-conversion -fdiagnostics-show-option -Qunused-arguments -ffunction-sections -fdata-sections  -fvisibility=hidden -fvisibility-inlines-hidden -Wno-implicit-const-int-float-conversion -Wno-undef -Wno-strict-prototypes  -DNDEBUG -O2  -DNDEBUG    -Wl,--gc-sections  -O2 @CMakeFiles/cmTC_8f972.dir/objects1.rsp  -o cmTC_8f972.js 
make[1]: Leaving directory '/build/opencv-js/CMakeFiles/CMakeTmp'

===== END =====

