This is XeTeX, Version 3.141592653-2.6-0.999996 (TeX Live 2025/dev/Debian) (preloaded format=xelatex 2026.6.2)  29 JUN 2026 12:02
entering extended mode
 restricted \write18 enabled.
 %&-line parsing enabled.
**user-guide.tex
(./user-guide.tex
LaTeX2e <2024-11-01> patch level 2
L3 programming layer <2025-01-18>
(/usr/share/texlive/texmf-dist/tex/latex/base/article.cls
Document Class: article 2024/06/29 v1.4n Standard LaTeX document class
(/usr/share/texlive/texmf-dist/tex/latex/base/size12.clo
File: size12.clo 2024/06/29 v1.4n Standard LaTeX file (size option)
)
\c@part=\count192
\c@section=\count193
\c@subsection=\count194
\c@subsubsection=\count195
\c@paragraph=\count196
\c@subparagraph=\count197
\c@figure=\count198
\c@table=\count199
\abovecaptionskip=\skip49
\belowcaptionskip=\skip50
\bibindent=\dimen141
)
(/usr/share/texlive/texmf-dist/tex/latex/base/inputenc.sty
Package: inputenc 2024/02/08 v1.3d Input encoding file
\inpenc@prehook=\toks17
\inpenc@posthook=\toks18


Package inputenc Warning: inputenc package ignored with utf8 based engines.

) (/usr/share/texlive/texmf-dist/tex/latex/base/fontenc.sty
Package: fontenc 2021/04/29 v2.0v Standard LaTeX package
LaTeX Font Info:    Trying to load font information for T1+lmr on input line 11
6.

(/usr/share/texmf/tex/latex/lm/t1lmr.fd
File: t1lmr.fd 2015/05/01 v1.6.1 Font defs for Latin Modern
))
(/usr/share/texlive/texmf-dist/tex/generic/babel/babel.sty
Package: babel 2025/02/14 v25.4 The multilingual framework for pdfLaTeX, LuaLaT
eX and XeLaTeX
\babel@savecnt=\count266
\U@D=\dimen142
\l@unhyphenated=\language90

(/usr/share/texlive/texmf-dist/tex/generic/babel/xebabel.def)
\bbl@readstream=\read2
\bbl@dirlevel=\count267

(/usr/share/texlive/texmf-dist/tex/generic/babel-english/english.ldf
Language: english 2017/06/06 v3.3r English support from the babel system
Package babel Info: Hyphen rules for 'canadian' set to \l@english
(babel)             (\language0). Reported on input line 102.
Package babel Info: Hyphen rules for 'australian' set to \l@ukenglish
(babel)             (\language89). Reported on input line 105.
Package babel Info: Hyphen rules for 'newzealand' set to \l@ukenglish
(babel)             (\language89). Reported on input line 108.
))
(/usr/share/texlive/texmf-dist/tex/generic/babel/locale/en/babel-english.tex
Package babel Info: Importing font and identification data for english
(babel)             from babel-en.ini. Reported on input line 11.
)
(/usr/share/texlive/texmf-dist/tex/latex/graphics/graphicx.sty
Package: graphicx 2021/09/16 v1.2d Enhanced LaTeX Graphics (DPC,SPQR)

(/usr/share/texlive/texmf-dist/tex/latex/graphics/keyval.sty
Package: keyval 2022/05/29 v1.15 key=value parser (DPC)
\KV@toks@=\toks19
)
(/usr/share/texlive/texmf-dist/tex/latex/graphics/graphics.sty
Package: graphics 2024/08/06 v1.4g Standard LaTeX Graphics (DPC,SPQR)

(/usr/share/texlive/texmf-dist/tex/latex/graphics/trig.sty
Package: trig 2023/12/02 v1.11 sin cos tan (DPC)
)
(/usr/share/texlive/texmf-dist/tex/latex/graphics-cfg/graphics.cfg
File: graphics.cfg 2016/06/04 v1.11 sample graphics configuration
)
Package graphics Info: Driver file: xetex.def on input line 106.

(/usr/share/texlive/texmf-dist/tex/latex/graphics-def/xetex.def
File: xetex.def 2022/09/22 v5.0n Graphics/color driver for xetex
))
\Gin@req@height=\dimen143
\Gin@req@width=\dimen144
)
(/usr/share/texlive/texmf-dist/tex/latex/float/float.sty
Package: float 2001/11/08 v1.3d Float enhancements (AL)
\c@float@type=\count268
\float@exts=\toks20
\float@box=\box52
\@float@everytoks=\toks21
\@floatcapt=\box53
)
(/usr/share/texlive/texmf-dist/tex/latex/geometry/geometry.sty
Package: geometry 2020/01/02 v5.9 Page Geometry

(/usr/share/texlive/texmf-dist/tex/generic/iftex/ifvtex.sty
Package: ifvtex 2019/10/25 v1.7 ifvtex legacy package. Use iftex instead.

(/usr/share/texlive/texmf-dist/tex/generic/iftex/iftex.sty
Package: iftex 2024/12/12 v1.0g TeX engine tests
))
\Gm@cnth=\count269
\Gm@cntv=\count270
\c@Gm@tempcnt=\count271
\Gm@bindingoffset=\dimen145
\Gm@wd@mp=\dimen146
\Gm@odd@mp=\dimen147
\Gm@even@mp=\dimen148
\Gm@layoutwidth=\dimen149
\Gm@layoutheight=\dimen150
\Gm@layouthoffset=\dimen151
\Gm@layoutvoffset=\dimen152
\Gm@dimlist=\toks22
)
(/usr/share/texlive/texmf-dist/tex/latex/fancyhdr/fancyhdr.sty
Package: fancyhdr 2025/02/07 v5.2 Extensive control of page headers and footers

\f@nch@headwidth=\skip51
\f@nch@offset@elh=\skip52
\f@nch@offset@erh=\skip53
\f@nch@offset@olh=\skip54
\f@nch@offset@orh=\skip55
\f@nch@offset@elf=\skip56
\f@nch@offset@erf=\skip57
\f@nch@offset@olf=\skip58
\f@nch@offset@orf=\skip59
\f@nch@height=\skip60
\f@nch@footalignment=\skip61
\f@nch@widthL=\skip62
\f@nch@widthC=\skip63
\f@nch@widthR=\skip64
\@temptokenb=\toks23
)
(/usr/share/texlive/texmf-dist/tex/latex/xcolor/xcolor.sty
Package: xcolor 2024/09/29 v3.02 LaTeX color extensions (UK)

(/usr/share/texlive/texmf-dist/tex/latex/graphics-cfg/color.cfg
File: color.cfg 2016/01/02 v1.6 sample color configuration
)
Package xcolor Info: Driver file: xetex.def on input line 274.

(/usr/share/texlive/texmf-dist/tex/latex/graphics/mathcolor.ltx)
Package xcolor Info: Model `cmy' substituted by `cmy0' on input line 1349.
Package xcolor Info: Model `RGB' extended on input line 1365.
Package xcolor Info: Model `HTML' substituted by `rgb' on input line 1367.
Package xcolor Info: Model `Hsb' substituted by `hsb' on input line 1368.
Package xcolor Info: Model `tHsb' substituted by `hsb' on input line 1369.
Package xcolor Info: Model `HSB' substituted by `hsb' on input line 1370.
Package xcolor Info: Model `Gray' substituted by `gray' on input line 1371.
Package xcolor Info: Model `wave' substituted by `hsb' on input line 1372.
)
(/usr/share/texlive/texmf-dist/tex/latex/titlesec/titlesec.sty
Package: titlesec 2025/01/04 v2.17 Sectioning titles
\ttl@box=\box54
\beforetitleunit=\skip65
\aftertitleunit=\skip66
\ttl@plus=\dimen153
\ttl@minus=\dimen154
\ttl@toksa=\toks24
\titlewidth=\dimen155
\titlewidthlast=\dimen156
\titlewidthfirst=\dimen157
)
(/usr/share/texlive/texmf-dist/tex/latex/caption/caption.sty
Package: caption 2023/08/05 v3.6o Customizing captions (AR)

(/usr/share/texlive/texmf-dist/tex/latex/caption/caption3.sty
Package: caption3 2023/07/31 v2.4d caption3 kernel (AR)
\caption@tempdima=\dimen158
\captionmargin=\dimen159
\caption@leftmargin=\dimen160
\caption@rightmargin=\dimen161
\caption@width=\dimen162
\caption@indent=\dimen163
\caption@parindent=\dimen164
\caption@hangindent=\dimen165
Package caption Info: Standard document class detected.
)
\c@caption@flags=\count272
\c@continuedfloat=\count273
Package caption Info: float package is loaded.
)
(/usr/share/texlive/texmf-dist/tex/latex/caption/subcaption.sty
Package: subcaption 2023/07/28 v1.6b Sub-captions (AR)
Package caption Info: New subtype `subfigure' on input line 238.
\c@subfigure=\count274
Package caption Info: New subtype `subtable' on input line 238.
\c@subtable=\count275
)
(/usr/share/texlive/texmf-dist/tex/latex/hyperref/hyperref.sty
Package: hyperref 2024-11-05 v7.01l Hypertext links for LaTeX

(/usr/share/texlive/texmf-dist/tex/latex/kvsetkeys/kvsetkeys.sty
Package: kvsetkeys 2022-10-05 v1.19 Key value parser (HO)
)
(/usr/share/texlive/texmf-dist/tex/generic/kvdefinekeys/kvdefinekeys.sty
Package: kvdefinekeys 2019-12-19 v1.6 Define keys (HO)
)
(/usr/share/texlive/texmf-dist/tex/generic/pdfescape/pdfescape.sty
Package: pdfescape 2019/12/09 v1.15 Implements pdfTeX's escape features (HO)

(/usr/share/texlive/texmf-dist/tex/generic/ltxcmds/ltxcmds.sty
Package: ltxcmds 2023-12-04 v1.26 LaTeX kernel commands for general use (HO)
)
(/usr/share/texlive/texmf-dist/tex/generic/pdftexcmds/pdftexcmds.sty
Package: pdftexcmds 2020-06-27 v0.33 Utility functions of pdfTeX for LuaTeX (HO
)

(/usr/share/texlive/texmf-dist/tex/generic/infwarerr/infwarerr.sty
Package: infwarerr 2019/12/03 v1.5 Providing info/warning/error messages (HO)
)
Package pdftexcmds Info: \pdf@primitive is available.
Package pdftexcmds Info: \pdf@ifprimitive is available.
Package pdftexcmds Info: \pdfdraftmode not found.
))
(/usr/share/texlive/texmf-dist/tex/latex/hycolor/hycolor.sty
Package: hycolor 2020-01-27 v1.10 Color options for hyperref/bookmark (HO)
)
(/usr/share/texlive/texmf-dist/tex/latex/hyperref/nameref.sty
Package: nameref 2023-11-26 v2.56 Cross-referencing by name of section

(/usr/share/texlive/texmf-dist/tex/latex/refcount/refcount.sty
Package: refcount 2019/12/15 v3.6 Data extraction from label references (HO)
)
(/usr/share/texlive/texmf-dist/tex/generic/gettitlestring/gettitlestring.sty
Package: gettitlestring 2019/12/15 v1.6 Cleanup title references (HO)

(/usr/share/texlive/texmf-dist/tex/latex/kvoptions/kvoptions.sty
Package: kvoptions 2022-06-15 v3.15 Key value format for package options (HO)
))
\c@section@level=\count276
)
(/usr/share/texlive/texmf-dist/tex/latex/etoolbox/etoolbox.sty
Package: etoolbox 2025/02/11 v2.5l e-TeX tools for LaTeX (JAW)
\etb@tempcnta=\count277
)
(/usr/share/texlive/texmf-dist/tex/generic/stringenc/stringenc.sty
Package: stringenc 2019/11/29 v1.12 Convert strings between diff. encodings (HO
)
)
\@linkdim=\dimen166
\Hy@linkcounter=\count278
\Hy@pagecounter=\count279

(/usr/share/texlive/texmf-dist/tex/latex/hyperref/pd1enc.def
File: pd1enc.def 2024-11-05 v7.01l Hyperref: PDFDocEncoding definition (HO)
)
(/usr/share/texlive/texmf-dist/tex/generic/intcalc/intcalc.sty
Package: intcalc 2019/12/15 v1.3 Expandable calculations with integers (HO)
)
\Hy@SavedSpaceFactor=\count280

(/usr/share/texlive/texmf-dist/tex/latex/hyperref/puenc.def
File: puenc.def 2024-11-05 v7.01l Hyperref: PDF Unicode definition (HO)
)
Package hyperref Info: Hyper figures OFF on input line 4157.
Package hyperref Info: Link nesting OFF on input line 4162.
Package hyperref Info: Hyper index ON on input line 4165.
Package hyperref Info: Plain pages OFF on input line 4172.
Package hyperref Info: Backreferencing OFF on input line 4177.
Package hyperref Info: Implicit mode ON; LaTeX internals redefined.
Package hyperref Info: Bookmarks ON on input line 4424.
\c@Hy@tempcnt=\count281

(/usr/share/texlive/texmf-dist/tex/latex/url/url.sty
\Urlmuskip=\muskip17
Package: url 2013/09/16  ver 3.4  Verb mode for urls, etc.
)
LaTeX Info: Redefining \url on input line 4763.
\XeTeXLinkMargin=\dimen167

(/usr/share/texlive/texmf-dist/tex/generic/bitset/bitset.sty
Package: bitset 2019/12/09 v1.3 Handle bit-vector datatype (HO)

(/usr/share/texlive/texmf-dist/tex/generic/bigintcalc/bigintcalc.sty
Package: bigintcalc 2019/12/15 v1.5 Expandable calculations on big integers (HO
)
))
\Fld@menulength=\count282
\Field@Width=\dimen168
\Fld@charsize=\dimen169
Package hyperref Info: Hyper figures OFF on input line 6042.
Package hyperref Info: Link nesting OFF on input line 6047.
Package hyperref Info: Hyper index ON on input line 6050.
Package hyperref Info: backreferencing OFF on input line 6057.
Package hyperref Info: Link coloring OFF on input line 6062.
Package hyperref Info: Link coloring with OCG OFF on input line 6067.
Package hyperref Info: PDF/A mode OFF on input line 6072.

(/usr/share/texlive/texmf-dist/tex/latex/base/atbegshi-ltx.sty
Package: atbegshi-ltx 2021/01/10 v1.0c Emulation of the original atbegshi
package with kernel methods
)
\Hy@abspage=\count283
\c@Item=\count284
\c@Hfootnote=\count285
)
Package hyperref Info: Driver (autodetected): hxetex.

(/usr/share/texlive/texmf-dist/tex/latex/hyperref/hxetex.def
File: hxetex.def 2024-11-05 v7.01l Hyperref driver for XeTeX
\pdfm@box=\box55
\c@Hy@AnnotLevel=\count286
\HyField@AnnotCount=\count287
\Fld@listcount=\count288
\c@bookmark@seq@number=\count289

(/usr/share/texlive/texmf-dist/tex/latex/rerunfilecheck/rerunfilecheck.sty
Package: rerunfilecheck 2022-07-10 v1.10 Rerun checks for auxiliary files (HO)

(/usr/share/texlive/texmf-dist/tex/latex/base/atveryend-ltx.sty
Package: atveryend-ltx 2020/08/19 v1.0a Emulation of the original atveryend pac
kage
with kernel methods
)
(/usr/share/texlive/texmf-dist/tex/generic/uniquecounter/uniquecounter.sty
Package: uniquecounter 2019/12/15 v1.4 Provide unlimited unique counter (HO)
)
Package uniquecounter Info: New unique counter `rerunfilecheck' on input line 2
85.
)
\Hy@SectionHShift=\skip67
)
Package hyperref Info: Option `colorlinks' set `true' on input line 29.

(/usr/share/texlive/texmf-dist/tex/latex/l3backend/l3backend-xetex.def
File: l3backend-xetex.def 2024-05-08 L3 backend support: XeTeX
\g__graphics_track_int=\count290
\l__pdf_internal_box=\box56
\g__pdf_backend_annotation_int=\count291
\g__pdf_backend_link_int=\count292
)
(./user-guide.aux)
\openout1 = `user-guide.aux'.

LaTeX Font Info:    Checking defaults for OML/cmm/m/it on input line 80.
LaTeX Font Info:    ... okay on input line 80.
LaTeX Font Info:    Checking defaults for OMS/cmsy/m/n on input line 80.
LaTeX Font Info:    ... okay on input line 80.
LaTeX Font Info:    Checking defaults for OT1/cmr/m/n on input line 80.
LaTeX Font Info:    ... okay on input line 80.
LaTeX Font Info:    Checking defaults for T1/cmr/m/n on input line 80.
LaTeX Font Info:    ... okay on input line 80.
LaTeX Font Info:    Checking defaults for TS1/cmr/m/n on input line 80.
LaTeX Font Info:    ... okay on input line 80.
LaTeX Font Info:    Checking defaults for TU/lmr/m/n on input line 80.
LaTeX Font Info:    ... okay on input line 80.
LaTeX Font Info:    Checking defaults for OMX/cmex/m/n on input line 80.
LaTeX Font Info:    ... okay on input line 80.
LaTeX Font Info:    Checking defaults for U/cmr/m/n on input line 80.
LaTeX Font Info:    ... okay on input line 80.
LaTeX Font Info:    Checking defaults for PD1/pdf/m/n on input line 80.
LaTeX Font Info:    ... okay on input line 80.
LaTeX Font Info:    Checking defaults for PU/pdf/m/n on input line 80.
LaTeX Font Info:    ... okay on input line 80.

*geometry* driver: auto-detecting
*geometry* detected driver: xetex
*geometry* verbose mode - [ preamble ] result:
* driver: xetex
* paper: a4paper
* layout: <same size as paper>
* layoutoffset:(h,v)=(0.0pt,0.0pt)
* modes: 
* h-part:(L,W,R)=(85.35826pt, 426.79135pt, 85.35826pt)
* v-part:(T,H,B)=(71.13188pt, 702.78308pt, 71.13188pt)
* \paperwidth=597.50787pt
* \paperheight=845.04684pt
* \textwidth=426.79135pt
* \textheight=702.78308pt
* \oddsidemargin=13.08827pt
* \evensidemargin=13.08827pt
* \topmargin=-38.1381pt
* \headheight=15.0pt
* \headsep=25.0pt
* \topskip=12.0pt
* \footskip=30.0pt
* \marginparwidth=35.0pt
* \marginparsep=10.0pt
* \columnsep=10.0pt
* \skip\footins=10.8pt plus 4.0pt minus 2.0pt
* \hoffset=0.0pt
* \voffset=0.0pt
* \mag=1000
* \@twocolumnfalse
* \@twosidefalse
* \@mparswitchfalse
* \@reversemarginfalse
* (1in=72.27pt=25.4mm, 1cm=28.453pt)

Package caption Info: Begin \AtBeginDocument code.
Package caption Info: hyperref package is loaded.
Package caption Info: End \AtBeginDocument code.
Package hyperref Info: Link coloring ON on input line 80.
(./user-guide.out) (./user-guide.out)
\@outlinefile=\write3
\openout3 = `user-guide.out'.

Package hyperref Info: Option `pageanchor' set `false' on input line 81.


[1

] (./user-guide.toc
LaTeX Font Info:    External font `cmex10' loaded for size
(Font)              <12> on input line 4.
LaTeX Font Info:    External font `cmex10' loaded for size
(Font)              <8> on input line 4.
LaTeX Font Info:    External font `cmex10' loaded for size
(Font)              <6> on input line 4.
)
\tf@toc=\write4
\openout4 = `user-guide.toc'.



[1] (./user-guide.lof

[2

])
\tf@lof=\write5
\openout5 = `user-guide.lof'.



[3]
Package hyperref Info: Option `pageanchor' set `true' on input line 107.


[1

]

[2]
File: manual-screenshots/01-mobile-classification.png Graphic file (type bmp)
<manual-screenshots/01-mobile-classification.png>


[3

]
File: manual-screenshots/40-mobile-classification-camera-preview.png Graphic fi
le (type bmp)
<manual-screenshots/40-mobile-classification-camera-preview.png>


[4

]
File: manual-screenshots/41-mobile-classification-camera-error-alert.png Graphi
c file (type bmp)
<manual-screenshots/41-mobile-classification-camera-error-alert.png>


[5

]
File: manual-screenshots/44-mobile-classification-image-results.png Graphic fil
e (type bmp)
<manual-screenshots/44-mobile-classification-image-results.png>


[6

]
File: manual-screenshots/45-mobile-classification-image-crop-overlay.png Graphi
c file (type bmp)
<manual-screenshots/45-mobile-classification-image-crop-overlay.png>


[7

]
File: manual-screenshots/02-mobile-classification-drawing.png Graphic file (typ
e bmp)
<manual-screenshots/02-mobile-classification-drawing.png>


[8

]
File: manual-screenshots/47-mobile-classification-drawing-processing.png Graphi
c file (type bmp)
<manual-screenshots/47-mobile-classification-drawing-processing.png>


[9

]
File: manual-screenshots/48-mobile-classification-drawing-results.png Graphic f
ile (type bmp)
<manual-screenshots/48-mobile-classification-drawing-results.png>


[10

]
File: manual-screenshots/18-mobile-model-loading.png Graphic file (type bmp)
<manual-screenshots/18-mobile-model-loading.png>


[11

]

[12]
File: manual-screenshots/03-mobile-search-empty.png Graphic file (type bmp)
<manual-screenshots/03-mobile-search-empty.png>


[13

]
File: manual-screenshots/51-mobile-search-searching.png Graphic file (type bmp)

<manual-screenshots/51-mobile-search-searching.png>


[14

]
File: manual-screenshots/52-mobile-search-no-results.png Graphic file (type bmp
)
<manual-screenshots/52-mobile-search-no-results.png>


[15

]
File: manual-screenshots/04-mobile-search-results-day.png Graphic file (type bm
p)
<manual-screenshots/04-mobile-search-results-day.png>


[16

]
File: manual-screenshots/05-mobile-kanji-day-detail.png Graphic file (type bmp)

<manual-screenshots/05-mobile-kanji-day-detail.png>


[17

]
File: manual-screenshots/55-mobile-kanji-stroke-order.png Graphic file (type bm
p)
<manual-screenshots/55-mobile-kanji-stroke-order.png>


[18

]
File: manual-screenshots/54-mobile-kanji-error.png Graphic file (type bmp)
<manual-screenshots/54-mobile-kanji-error.png>


[19

]

[20]
File: manual-screenshots/06-mobile-calligraphy-home.png Graphic file (type bmp)

<manual-screenshots/06-mobile-calligraphy-home.png>


[21

]
File: manual-screenshots/56-mobile-calligraphy-joyo.png Graphic file (type bmp)

<manual-screenshots/56-mobile-calligraphy-joyo.png>


[22

]
File: manual-screenshots/07-mobile-calligraphy-jlpt-n5.png Graphic file (type b
mp)
<manual-screenshots/07-mobile-calligraphy-jlpt-n5.png>


[23

]
File: manual-screenshots/57-mobile-calligraphy-category-filtered.png Graphic fi
le (type bmp)
<manual-screenshots/57-mobile-calligraphy-category-filtered.png>


[24

]
File: manual-screenshots/58-mobile-calligraphy-category-empty.png Graphic file 
(type bmp)
<manual-screenshots/58-mobile-calligraphy-category-empty.png>


[25

]
File: manual-screenshots/08-mobile-calligraphy-practice-day.png Graphic file (t
ype bmp)
<manual-screenshots/08-mobile-calligraphy-practice-day.png>


[26

]
File: manual-screenshots/59-mobile-calligraphy-practice-drawing.png Graphic fil
e (type bmp)
<manual-screenshots/59-mobile-calligraphy-practice-drawing.png>


[27

]
File: manual-screenshots/60-mobile-calligraphy-evaluation.png Graphic file (typ
e bmp)
<manual-screenshots/60-mobile-calligraphy-evaluation.png>


[28

]

[29]
File: manual-screenshots/09-mobile-history.png Graphic file (type bmp)
<manual-screenshots/09-mobile-history.png>


[30

]
File: manual-screenshots/62-mobile-history-empty.png Graphic file (type bmp)
<manual-screenshots/62-mobile-history-empty.png>
File: manual-screenshots/63-mobile-history-visited.png Graphic file (type bmp)
<manual-screenshots/63-mobile-history-visited.png>
File: manual-screenshots/64-mobile-history-image-classification.png Graphic fil
e (type bmp)
<manual-screenshots/64-mobile-history-image-classification.png>
File: manual-screenshots/65-mobile-history-drawing-classification.png Graphic f
ile (type bmp)
<manual-screenshots/65-mobile-history-drawing-classification.png>


[31

]

[32]
File: manual-screenshots/10-mobile-about.png Graphic file (type bmp)
<manual-screenshots/10-mobile-about.png>
File: manual-screenshots/67-mobile-about-bottom.png Graphic file (type bmp)
<manual-screenshots/67-mobile-about-bottom.png>


[33]
File: manual-screenshots/20-mobile-theme-light-menu.png Graphic file (type bmp)

<manual-screenshots/20-mobile-theme-light-menu.png>
File: manual-screenshots/11-mobile-side-menu.png Graphic file (type bmp)
<manual-screenshots/11-mobile-side-menu.png>
File: manual-screenshots/21-mobile-theme-dark-classification.png Graphic file (
type bmp)
<manual-screenshots/21-mobile-theme-dark-classification.png>
File: manual-screenshots/22-mobile-theme-dark-menu.png Graphic file (type bmp)
<manual-screenshots/22-mobile-theme-dark-menu.png>


[34]

[35]
File: manual-screenshots/19-mobile-language-selector.png Graphic file (type bmp
)
<manual-screenshots/19-mobile-language-selector.png>
File: manual-screenshots/23-mobile-locale-en-gb.png Graphic file (type bmp)
<manual-screenshots/23-mobile-locale-en-gb.png>
File: manual-screenshots/24-mobile-locale-es-es.png Graphic file (type bmp)
<manual-screenshots/24-mobile-locale-es-es.png>
File: manual-screenshots/25-mobile-locale-fr-fr.png Graphic file (type bmp)
<manual-screenshots/25-mobile-locale-fr-fr.png>


[36

]
File: manual-screenshots/26-mobile-locale-de-de.png Graphic file (type bmp)
<manual-screenshots/26-mobile-locale-de-de.png>
File: manual-screenshots/27-mobile-locale-it-it.png Graphic file (type bmp)
<manual-screenshots/27-mobile-locale-it-it.png>
File: manual-screenshots/28-mobile-locale-pt-pt.png Graphic file (type bmp)
<manual-screenshots/28-mobile-locale-pt-pt.png>
File: manual-screenshots/29-mobile-locale-ja-jp.png Graphic file (type bmp)
<manual-screenshots/29-mobile-locale-ja-jp.png>
File: manual-screenshots/30-mobile-locale-zh-cn.png Graphic file (type bmp)
<manual-screenshots/30-mobile-locale-zh-cn.png>
File: manual-screenshots/31-mobile-locale-zh-tw.png Graphic file (type bmp)
<manual-screenshots/31-mobile-locale-zh-tw.png>


[37]
File: manual-screenshots/32-mobile-locale-ko-kr.png Graphic file (type bmp)
<manual-screenshots/32-mobile-locale-ko-kr.png>
File: manual-screenshots/33-mobile-locale-hi-in.png Graphic file (type bmp)
<manual-screenshots/33-mobile-locale-hi-in.png>
File: manual-screenshots/34-mobile-locale-ar-sa.png Graphic file (type bmp)
<manual-screenshots/34-mobile-locale-ar-sa.png>
File: manual-screenshots/35-mobile-locale-sw-ke.png Graphic file (type bmp)
<manual-screenshots/35-mobile-locale-sw-ke.png>
File: manual-screenshots/36-mobile-locale-am-et.png Graphic file (type bmp)
<manual-screenshots/36-mobile-locale-am-et.png>
File: manual-screenshots/37-mobile-locale-ha-ng.png Graphic file (type bmp)
<manual-screenshots/37-mobile-locale-ha-ng.png>


[38]
File: manual-screenshots/38-mobile-locale-yo-ng.png Graphic file (type bmp)
<manual-screenshots/38-mobile-locale-yo-ng.png>
File: manual-screenshots/39-mobile-locale-zu-za.png Graphic file (type bmp)
<manual-screenshots/39-mobile-locale-zu-za.png>


[39]

[40]

[41]
File: manual-screenshots/12-admin-login.png Graphic file (type bmp)
<manual-screenshots/12-admin-login.png>


[42

]
File: manual-screenshots/69-admin-auth-signing-in.png Graphic file (type bmp)
<manual-screenshots/69-admin-auth-signing-in.png>


[43

]
File: manual-screenshots/70-admin-auth-error.png Graphic file (type bmp)
<manual-screenshots/70-admin-auth-error.png>


[44

]
File: manual-screenshots/13-admin-dashboard.png Graphic file (type bmp)
<manual-screenshots/13-admin-dashboard.png>


[45

]
File: manual-screenshots/71-admin-dashboard-loading.png Graphic file (type bmp)

<manual-screenshots/71-admin-dashboard-loading.png>


[46

]
File: manual-screenshots/73-admin-dashboard-error.png Graphic file (type bmp)
<manual-screenshots/73-admin-dashboard-error.png>


[47

]
File: manual-screenshots/14-admin-versions.png Graphic file (type bmp)
<manual-screenshots/14-admin-versions.png>


[48

]
File: manual-screenshots/76-admin-versions-edit.png Graphic file (type bmp)
<manual-screenshots/76-admin-versions-edit.png>


[49

]
File: manual-screenshots/77-admin-versions-validation-error.png Graphic file (t
ype bmp)
<manual-screenshots/77-admin-versions-validation-error.png>


[50

]
File: manual-screenshots/15-admin-errors.png Graphic file (type bmp)
<manual-screenshots/15-admin-errors.png>


[51

]
File: manual-screenshots/79-admin-errors-empty.png Graphic file (type bmp)
<manual-screenshots/79-admin-errors-empty.png>


[52

]
File: manual-screenshots/80-admin-errors-filter-open.png Graphic file (type bmp
)
<manual-screenshots/80-admin-errors-filter-open.png>


[53

]
File: manual-screenshots/81-admin-errors-filter-in-progress.png Graphic file (t
ype bmp)
<manual-screenshots/81-admin-errors-filter-in-progress.png>


[54

]
File: manual-screenshots/82-admin-errors-filter-resolved.png Graphic file (type
 bmp)
<manual-screenshots/82-admin-errors-filter-resolved.png>


[55

]
File: manual-screenshots/83-admin-errors-filter-closed.png Graphic file (type b
mp)
<manual-screenshots/83-admin-errors-filter-closed.png>


[56

]
File: manual-screenshots/84-admin-errors-filter-discarded.png Graphic file (typ
e bmp)
<manual-screenshots/84-admin-errors-filter-discarded.png>


[57

]
File: manual-screenshots/16-admin-error-detail.png Graphic file (type bmp)
<manual-screenshots/16-admin-error-detail.png>


[58

]
File: manual-screenshots/88-admin-error-detail-actions.png Graphic file (type b
mp)
<manual-screenshots/88-admin-error-detail-actions.png>


[59

]

[60]
File: manual-screenshots/17-mobile-startup-loading.png Graphic file (type bmp)
<manual-screenshots/17-mobile-startup-loading.png>


[61

]
File: manual-screenshots/50-mobile-update-toast.png Graphic file (type bmp)
<manual-screenshots/50-mobile-update-toast.png>


[62

]
File: manual-screenshots/49-mobile-global-error-alert.png Graphic file (type bm
p)
<manual-screenshots/49-mobile-global-error-alert.png>


[63

] (./user-guide.aux)
 ***********
LaTeX2e <2024-11-01> patch level 2
L3 programming layer <2025-01-18>
 ***********
Package rerunfilecheck Info: File `user-guide.out' has not changed.
(rerunfilecheck)             Checksum: D484DABC864F4D0F206447FB088983B6;2442.
 ) 
Here is how much of TeX's memory you used:
 13398 strings out of 473835
 244610 string characters out of 5731947
 641811 words of memory out of 5000000
 36265 multiletter control sequences out of 15000+600000
 597947 words of font info for 59 fonts, out of 8000000 for 9000
 1348 hyphenation exceptions out of 8191
 72i,12n,79p,247b,577s stack positions out of 10000i,1000n,20000p,200000b,200000s

Output written on user-guide.pdf (67 pages).
